// Jest Snapshot v1, https://goo.gl/fbAQLP

exports[`# Profie page 1`] = `
<div>
  <Navbar
    current="/profile/0"
    user={
      Object {
        "id": 0,
        "login": "test",
      }
    }
  />
  <Connect(User)
    edit={true}
    user={
      Object {
        "id": 0,
        "login": "test",
      }
    }
  />
</div>
`;

exports[`# Profile page wrapper 1`] = `
<Profile
  getUser={[Function]}
  loadedUser={
    Object {
      "id": 0,
      "login": "test",
    }
  }
  match={
    Object {
      "isExact": true,
      "params": Object {
        "id": 0,
        "login": "test",
      },
      "path": "/",
      "url": "http://localhost",
    }
  }
  store={
    Object {
      "clearActions": [Function],
      "dispatch": [Function],
      "getActions": [Function],
      "getState": [Function],
      "replaceReducer": [Function],
      "subscribe": [Function],
    }
  }
  storeSubscription={
    Subscription {
      "listeners": Object {
        "clear": [Function],
        "get": [Function],
        "notify": [Function],
        "subscribe": [Function],
      },
      "onStateChange": [Function],
      "parentSub": undefined,
      "store": Object {
        "clearActions": [Function],
        "dispatch": [Function],
        "getActions": [Function],
        "getState": [Function],
        "replaceReducer": [Function],
        "subscribe": [Function],
      },
      "unsubscribe": [Function],
    }
  }
  user={
    Object {
      "id": 0,
      "login": "test",
    }
  }
/>
`;
