// Jest Snapshot v1, https://goo.gl/fbAQLP

exports[`# Create page 1`] = `
<Router
  history={
    Object {
      "action": "POP",
      "block": [Function],
      "canGo": [Function],
      "createHref": [Function],
      "entries": Array [
        Object {
          "hash": "",
          "key": "testKey",
          "pathname": "/",
          "search": "",
        },
      ],
      "go": [Function],
      "goBack": [Function],
      "goForward": [Function],
      "index": 0,
      "length": 1,
      "listen": [Function],
      "location": Object {
        "hash": "",
        "key": "testKey",
        "pathname": "/",
        "search": "",
      },
      "push": [Function],
      "replace": [Function],
    }
  }
>
  <Create
    doCreateQuestion={[Function]}
    user={
      Object {
        "id": 0,
        "login": "test",
        "registrationDate": "2017-01-31T19:16:01.000Z",
      }
    }
  />
</Router>
`;

exports[`# Create page wrapper 1`] = `
<Create
  doCreateQuestion={[Function]}
  store={
    Object {
      "clearActions": [Function],
      "dispatch": [Function],
      "getActions": [Function],
      "getState": [Function],
      "replaceReducer": [Function],
      "subscribe": [Function],
    }
  }
  storeSubscription={
    Subscription {
      "listeners": Object {
        "clear": [Function],
        "get": [Function],
        "notify": [Function],
        "subscribe": [Function],
      },
      "onStateChange": [Function],
      "parentSub": undefined,
      "store": Object {
        "clearActions": [Function],
        "dispatch": [Function],
        "getActions": [Function],
        "getState": [Function],
        "replaceReducer": [Function],
        "subscribe": [Function],
      },
      "unsubscribe": [Function],
    }
  }
  user={
    Object {
      "id": 0,
      "login": "test",
      "registrationDate": "2017-01-31T19:16:01.000Z",
    }
  }
/>
`;
